zuz
zut
zur
zun
zum
zul
zuin
zui
zue
zud
zuar
zuan
zuad
zua
zu
zou
zos
zor
zon
zom
zol
zoil
zoi
zoc
zo
ziu
zit
zis
zir
zip
zios
zion
zio
zinc
zin
zim
zil
zig
zias
zia
zi
zeus
zeug
zeu
zes
zer
zen
zemst
zem
zeit
zei
ze
zau
zas
zart
zard
zar
zan
zam
zal
zaks
zajs
zaj
zais
zaint
zai
zahu
zahi
zags
zag
zaf
zad
zac
za
yux
yus
yur
yun
yum
yul
yuen
yue
yuc
yuan
yua
yu
young
yotl
yot
yos
york
yor
yon
yom
yol
yoi
yohim
yod
yo
yis
yin
yil
yien
yia
yi
yez
yex
yeur
yeu
yes
yer
yen
yelt
yel
yeis
yehu
yed
yec
ye
yd
yb
yaz
yay
yax
yaun
yau
yat
yas
yar
yang
yan
yam
yal
yak
yais
yai
yahu
yah
yad
yac
ya
y
xy
xuo
xul
xual
xua
xu
xox
xos
xor
xon
xol
xoi
xof
xoc
xo
xiu
xit
xis
xir
xip
xios
xior
xion
xio
xin
xil
xiin
xii
xies
xien
xieis
xie
xib
xias
xiar
xian
xiam
xial
xiais
xiad
xia
xi
xes
xer
xen
xem
xel
xeis
xed
xec
xe
xau
xas
xar
xan
xam
xal
xais
xahus
xad
xac
xa
wyo
won
wol
wo
wis
wind
winc
win
wil
wig
wich
wia
wi
whis
whi
west
wes
wer
wen
wells
well
wel
weis
wei
web
we
way
wau
watts
watt
wat
was
wards
ward
war
wan
walt
wall
walk
wal
wait
wai
wah
wag
wa
vus
vun
vum
vul
vues
vuel
vue
vu
voz
voy
vox
vous
vot
vos
vor
von
volts
volt
vols
volks
vol
voir
voi
vohis
vod
vo
vla
viz
vix
vium
viu
vits
vit
vis
vir
vip
viot
vios
vior
vion
viol
vio
ving
vin
vim
vil
viet
vies
vier
vien
viem
vieis
viei
vied
vie
vid
vich
vic
viaz
vias
viar
vian
vial
viais
viad
via
vi
vez
vet
vest
ves
vert
vers
ver
ven
velt
vel
veis
vein
vei
vehi
ved
vec
ve
vaz
vau
vat
vas
vard
var
vant
vans
van
vam
vals
val
vais
vai
vad
vac
va
uz
uy
ux
ut
us
ur
up
un
um
ul
uh
uf
ues
ue
ud
u
tzot
tzit
tzint
tzi
ty
twist
twah
tuz
tuy
tux
tuum
tut
tus
turn
turk
tur
tup
tuos
tuo
tungs
tun
tum
tul
tuis
tuir
tuid
tui
tuhil
tues
tuer
tuen
tueis
tue
tud
tuc
tuau
tuas
tuar
tuan
tuam
tual
tuais
tuad
tua
tu
tsu
tset
tse
try
truz
trust
trus
truos
truo
trun
trum
truis
truir
truid
trui
truen
trueis
true
truc
truas
truar
truan
trual
truais
truad
trua
tru
troz
troy
trox
trou
trots
trot
tros
tror
trop
tron
troms
trom
trol
troj
troit
troin
troi
trohi
trog
trof
troc
tro
triz
trix
triun
triu
tris
trir
trip
trios
trior
trion
triol
trioi
trio
trin
trim
tril
trihi
tries
trier
trien
trieis
trie
trid
tric
triau
trias
triar
trian
triam
trial
triais
triad
tria
tri
trez
treun
treu
tres
trer
trep
tren
trem
trel
treis
trein
trec
tre
traz
tray
trax
trau
tras
trar
trap
trans
trand
tran
tram
tral
traiz
trais
train
trai
trahis
trahi
trad
trac
trab
tra
toy
tox
tov
tours
tour
tou
tos
torr
tor
top
tons
ton
tom
tols
tol
toin
toim
toil
toi
tohu
tohis
tohip
tohi
tog
tof
tock
toch
toc
tobs
to
tlon
tloi
tlo
tlix
tlis
tlin
tlia
tli
tlett
tles
tler
tle
tlax
tlau
tlas
tland
tlan
tlal
tlahu
tla
tiz
tix
tiv
tius
tiun
tium
tiul
tiu
tit
tis
tir
tip
tiou
tios
tior
tion
tiol
tioi
tioc
tio
tins
ting
tin
tim
tilf
til
tik
tiin
tiim
tii
tihu
tihis
tihi
tig
tiex
tieu
tiet
ties
tier
tien
tiem
tieis
tiec
tie
tid
tics
tick
tic
tib
tiau
tias
tiar
tian
tiam
tial
tiais
tiad
tiac
tiab
tia
ti
tho
the
tez
tey
tex
teus
teurs
teur
teum
teul
teu
test
tes
ters
terns
tern
ter
tep
tens
ten
tems
temp
tem
tell
tel
teix
teis
tein
tei
tehu
tehis
teg
ted
tecs
tech
tec
te
taz
tay
tax
tav
tau
tats
tat
tas
tarr
tar
tap
tant
tans
tands
tand
tan
tam
tall
tal
taj
tais
tai
tahu
tahi
tah
tag
tad
tac
tabs
ta
syl
sy
swing
swahi
sus
surf
sur
suo
sun
sum
sulf
sul
suis
suin
sui
suez
sues
suer
suel
sueis
sue
sud
suc
subs
sub
suas
suar
suan
sual
suais
suad
sua
su
strip
stric
stra
stops
stop
stocks
stock
stand
stan
sta
sri
squash
sprint
spray
spot
sport
spon
spe
spa
soy
souf
sou
sot
sos
sor
sop
son
som
sols
sol
sois
soin
soil
soi
sohi
sog
soft
sobs
so
smog
smith
slips
slip
ski
six
sius
siun
sium
siu
sit
sis
sir
sioux
sios
sior
sion
siol
siog
sioc
sio
sins
sing
sin
simp
sim
sil
sik
sij
sii
sig
sieur
sies
sier
sien
siem
sieis
sie
sid
sic
siaz
sias
siar
sian
siam
sial
siais
siad
sia
si
shun
shuar
show
shorts
short
shocks
shock
shir
shi
sher
sheik
she
shau
sha
sez
sey
sex
seum
seu
sets
set
ses
ser
seph
sep
sengs
seng
send
sen
sem
seltz
self
sel
seis
sei
seg
sed
sec
se
scrip
sco
schmidt
schi
scan
sca
saz
say
sauz
sau
satch
sas
sar
sap
sanz
sant
sans
sand
sanc
san
samp
sam
salz
sal
sais
sainz
saint
sain
sai
sahu
sahi
sah
sad
sac
sab
sa
ryx
ry
ruz
ruth
rut
rus
rur
rup
ruo
runt
run
rum
rul
ruiz
ruin
ruil
rui
rug
ruez
rues
ruen
rueis
rue
ruc
rub
ruas
ruar
ruan
ruais
ruad
rua
ru
rry
rruz
rrus
rrup
rrun
rrum
rruis
rruir
rruid
rrui
rruen
rrue
rruar
rrua
rru
rroz
rrot
rros
rror
rron
rrom
rroll
rrol
rroi
rro
rriz
rrit
rris
rrir
rrios
rrion
rrio
rring
rrin
rrim
rril
rries
rrier
rrien
rriel
rrieis
rrie
rrid
rric
rriaz
rrias
rriar
rrian
rrial
rriais
rriad
rria
rri
rrez
rrey
rreu
rres
rrer
rrep
rren
rrem
rrel
rreis
rrein
rrei
rreg
rred
rrec
rre
rraz
rray
rraus
rrat
rras
rrar
rrap
rrans
rran
rram
rral
rraj
rrais
rrain
rrai
rrad
rrab
rra
roz
roy
rounds
round
rou
rot
ros
ror
rop
ron
rom
roll
rol
roj
rois
roin
roil
roid
roi
rohu
rohis
rohi
rog
rof
rock
roch
roc
rob
ro
rna
riz
rix
rius
riun
rium
riul
riu
rit
ris
rir
rip
rios
rior
riop
rion
riol
rio
rins
ring
rin
rim
ril
rik
riis
riin
riim
rii
rihi
right
rig
riff
riez
riet
ries
rier
riep
rien
riem
riel
rieis
riec
rie
rid
rich
ric
rias
riar
rian
riam
rial
riais
riad
riac
ria
ri
rho
rhin
rhi
rhe
rez
rey
rex
reus
reun
reu
rets
ret
rest
res
rer
reps
rep
rens
ren
rems
rem
rell
rel
reis
reins
rein
reim
rei
rehur
rehun
rehu
rehir
rehin
rehi
regs
reg
ref
red
rec
reb
re
raz
ray
rax
raw
rauz
raus
raum
rau
rat
rash
ras
rar
raq
rap
rant
rans
rand
ran
ram
rald
ral
rak
raj
rais
rain
rail
raid
rai
rahus
rahu
rahip
rahi
rag
rads
rad
rac
rab
ra
quor
quo
quiz
quix
quiu
quis
quir
quip
quios
quion
quio
quinc
quin
quim
quil
quii
quihun
quihu
quig
quif
quieu
quies
quier
quien
quiems
quiem
quiel
quieis
quiec
quie
quid
quick
quib
quiau
quias
quiar
quian
quial
quiais
quiad
quiac
quia
qui
quez
quey
quex
queu
quets
quet
ques
quer
quen
quem
quel
quek
queis
quei
quehu
quech
quec
que
quat
quark
quard
quan
quam
qua
qa
pyo
py
puzz
puz
puy
pux
put
pus
pur
puo
punk
punc
pun
pum
pul
puk
pug
puf
pues
puer
puen
puel
pue
pud
puar
pua
pu
pto
ptio
ptia
pte
pso
psi
pseu
psa
prui
prue
pru
prost
pros
prop
pron
promp
prol
proin
proi
prohi
prog
proc
pro
pris
prir
prios
prior
prion
prio
prinz
prin
prim
pril
prie
pria
pri
prez
preu
pret
prest
pres
pren
preis
preins
prein
prei
prehis
prehi
preg
pred
pre
pray
prav
praum
prau
pras
prar
pran
pram
prais
prai
prahi
prag
prad
prac
pra
poz
poy
pox
pou
pot
post
pos
port
por
pop
pont
pons
pong
pon
pom
pol
poin
poi
pohis
pohi
pog
poch
po
pneu
pne
plus
plum
plu
plots
plot
plos
plor
plon
plom
ploi
plo
plis
plir
plios
plio
plin
plim
plien
plieis
plie
plid
plias
pliar
plian
pliais
pliad
plia
pli
plex
pleu
pless
ples
pler
plen
pleis
plei
plec
ple
plaz
play
plaus
plau
plas
plar
planc
plan
plais
plad
plac
pla
piz
pix
pius
piu
pitts
pit
pis
pir
piou
pios
pior
pion
pioi
pio
pinx
pings
ping
pin
pim
pil
pig
piez
pies
pier
piens
pien
piel
pieis
pie
pid
pick
pich
pic
piax
pias
piar
pian
pial
piais
piad
pia
pi
phi
pez
pey
pex
peu
petl
pet
pest
pes
pers
perp
per
pep
penn
pen
pem
pel
pek
peiz
peis
pein
pei
pehu
peg
ped
pech
pec
pe
pchs
pche
paz
pay
pax
pau
patz
pat
pass
pas
part
par
pap
pants
pans
pan
pamp
pam
palt
palm
pal
paj
pais
pair
pai
pahu
pahi
pag
paf
padd
pad
pac
pab
pa
oz
ox
ov
out
ou
otl
ot
os
or
ops
op
on
omsk
oms
om
ol
ok
oi
ohms
ohm
ohi
oh
og
off
of
ods
od
oct
oc
obs
ob
o
ny
nuz
nux
nuum
nus
nur
nup
nuos
nuo
nun
num
nul
nuis
nuir
nuid
nui
nuez
nues
nuer
nuen
nuel
nueis
nue
nuc
nuas
nuar
nuan
nual
nuais
nuad
nua
nu
noz
noy
nov
nou
not
nos
norr
nor
nop
nong
non
nom
nolf
nol
nois
noir
noin
noi
nohu
nohis
nohi
noh
nof
nod
noch
noc
nobs
nob
no
niz
nix
nius
nium
niu
nit
nis
nir
nip
nios
nior
nion
nio
nin
nim
nil
nii
nihi
night
nigh
nig
nietzs
nies
nier
nien
niel
nieis
niec
nie
nid
nic
nias
niar
nian
nial
niais
niad
nia
ni
nez
ney
nex
new
neus
neum
neu
nett
net
nes
ners
ner
nep
nen
nem
nell
nel
neis
nei
ned
nec
ne
naz
nay
nax
nault
naud
nau
nat
nas
nard
nar
nap
nan
nam
nald
nal
nais
naif
nai
nahu
nag
naf
nad
nac
nab
na
myan
muz
muy
mux
muts
mut
mus
murp
mur
muon
mun
mum
mul
muis
muir
muin
muid
mui
muf
mues
muer
muen
muel
mueb
mue
mud
mual
mua
mu
moz
mox
mous
mour
mou
mos
mor
mop
mont
mons
mon
mom
mol
mok
moin
moi
mohin
mohi
mog
moch
moc
mo
mne
miz
mix
miur
miu
mit
miss
mis
mir
mip
mios
mion
mio
mint
ming
min
mim
milt
milk
mil
miin
miim
mii
mihi
mih
mig
mies
mier
mien
miem
miel
mieis
miec
mie
mid
mics
mic
mib
miau
mias
miar
mian
miam
mial
miais
miad
miab
mia
mi
mez
mey
mex
metz
metl
met
mes
merz
mert
mers
merck
mer
mens
men
mem
mels
mel
meit
meis
mein
meim
meigs
mei
mehu
meg
med
mec
me
mby
mbar
mba
maz
may
max
maun
mau
match
mat
mass
mash
mas
marx
mart
mars
mark
marck
mar
mans
mann
man
mam
mall
mal
mak
maj
mais
mail
mai
mahu
mah
mag
maf
mad
mach
mac
mab
ma
lyon
lyn
ly
luz
lux
lusch
lus
lur
lup
luo
lung
lunch
lun
lum
lul
luis
luir
luid
lui
lug
luf
luen
lueis
lue
lud
luc
luas
luar
luan
luais
luad
lua
lu
loz
loy
low
louv
lour
loul
lou
lotl
loth
lot
los
lord
lor
lop
long
lon
lomb
lom
lol
loj
loix
loin
loil
loi
lohu
lohis
lohi
log
loc
lob
lo
lly
lluz
llus
llun
llum
llue
llu
llot
llos
llor
llon
lloi
llo
lliz
llius
llium
llis
llir
llips
llip
llins
lling
llin
llil
llier
llid
llic
lliams
lliam
llial
lli
llez
llex
lleu
llets
llet
lles
ller
llent
llen
lleis
llein
llei
lled
llec
lle
llaz
llay
llau
llas
llar
llan
llam
llal
llais
llain
llad
llac
lla
liz
lix
lium
liu
lit
lis
lir
lip
lios
lior
liop
lion
liol
lioj
lioin
lioi
lio
ling
lind
lin
limp
lim
lil
liin
lii
lihi
light
lig
lif
lies
lier
lien
liem
lieis
liech
liec
lie
lid
lich
lic
lib
liaz
liat
lias
liar
lian
liam
lial
liais
liad
lia
li
lez
ley
lex
lev
leus
leum
leu
let
less
les
ler
lep
lens
len
lem
lel
lej
leit
leish
leis
leins
lein
leim
lei
leh
lef
led
lech
lec
le
laz
lay
lax
law
laus
lau
lats
lat
las
lar
lap
lant
lans
land
lan
lamb
lam
lal
lak
laj
lais
lain
lai
lahu
lag
lad
lac
lab
la
ky
kwas
kus
kur
kung
kun
kul
kuas
kua
ku
kris
krip
krill
kril
krem
krau
kra
kos
kong
kon
koi
kohl
kod
koch
kob
ko
klys
klor
klo
klis
klin
kli
kla
kjel
kitt
kitsch
kits
kit
kis
kirsch
kir
kios
kion
kio
kins
king
kind
kin
kif
kia
ki
khan
key
kett
ket
kes
kers
ker
kent
kens
ken
kel
keith
kei
ke
kcal
kby
kbit
kau
kat
kast
kas
karst
kars
kar
kap
kant
kan
kal
kai
kah
kaf
ka
juz
juy
jus
jur
jung
jun
jum
jul
juil
jui
juez
juey
juer
jue
jud
juar
juan
jua
ju
jou
jot
jos
jor
jon
jol
jog
jod
joc
job
jo
jiu
jit
jis
jir
jion
jio
jin
jim
jil
jier
jien
jie
jid
jias
jiar
jian
jial
jiad
jia
ji
jez
jey
jet
jes
jer
jen
jem
jel
jeis
jei
jef
jed
jec
je
jazz
jaz
jay
jau
jas
jar
jan
jam
jal
jais
jai
jahu
jad
jack
jac
ja
iz
ix
iu
itz
it
ist
isbn
is
ir
ipc
ip
ion
io
ins
in
im
il
ig
if
id
ich
ic
iac
ia
i
hy
huy
hut
hus
hur
hun
hum
hul
huiz
huix
huitz
huit
huis
huir
huin
huil
huid
huich
hui
huf
huey
huetl
hues
huer
huen
huel
hue
hud
hub
huay
huax
huau
huatl
huat
huas
huar
huan
huall
hual
huai
huact
hua
hu
hoz
hoy
hous
hot
hos
hors
hor
hop
hong
hon
hom
hol
hoff
hodg
hoc
hob
ho
hiz
hiu
hits
hit
his
hir
hip
hios
hioi
hio
hing
hin
him
hill
hil
hies
hier
hien
hiel
hie
hian
hia
hi
hez
hey
heu
hes
hertz
hert
her
hep
hen
hem
hel
heit
heinz
heim
heid
hei
hec
heb
he
haz
hay
haus
hau
hat
has
hard
har
hap
hans
hann
han
hams
hamp
ham
halls
hall
hal
hai
hah
haf
had
habs
ha
guz
gut
gus
gurt
gur
guos
guor
guo
gund
gun
gum
gul
guiz
guis
guir
guion
guio
guin
guim
guil
guien
guieis
guie
guid
guias
guiar
guian
guiais
guiad
guia
gui
guez
guey
guet
gues
guer
guen
guel
gueis
guec
gue
guaz
guay
guau
guash
guas
guar
guan
guam
gual
guais
guai
guad
gua
gu
gruz
gruos
gruo
grum
gruis
gruir
gruid
grui
gruen
grue
gruas
grua
gru
grou
gros
gror
gron
groin
groi
grog
gro
griz
gris
grir
grip
grios
grion
grio
grin
grim
grill
gries
grien
grieis
grie
grid
griaz
grias
griar
grian
grial
griais
griad
gria
gri
grez
grey
greu
gret
gres
gren
greis
grei
gre
graz
gray
grau
gras
grar
grant
grand
gran
gram
gral
grais
graf
grad
gra
goz
gow
gourt
gour
gou
gots
got
gos
gor
gop
gong
gon
gom
golf
gold
gol
goi
gohi
goh
gof
go
gnos
gno
gneis
gnei
gne
gna
gly
glus
gluo
glu
glos
glon
gloin
glo
glish
glis
glip
glios
glion
glio
glin
gliec
glias
glial
glia
gli
gley
gles
glen
gleis
gle
glau
glas
glar
glan
glais
glad
gla
giu
gis
gir
gip
gios
gior
gion
gioin
gio
ging
gin
gim
gil
gies
gier
gien
giel
gieis
giec
gie
gid
gib
gias
giar
gian
gial
giais
giad
gia
gi
ghet
gha
geus
geu
get
ges
ger
gent
gens
gen
gel
geis
gei
ged
gec
ge
gaz
gay
gauss
gaul
gau
gas
gart
gard
gar
gap
ganz
gans
gangs
gang
gand
gan
gamp
gam
gal
gais
gail
gai
gahu
gag
gad
ga
fuz
fut
fus
furt
fur
func
fun
full
ful
fuis
fuir
fui
fuet
fuer
fuen
fuel
fue
fuc
fua
fu
frus
frun
fruir
frui
fruen
fruc
fru
frou
frost
fros
frop
fron
froi
frohi
fro
friz
friu
fris
frir
frior
frion
frio
frin
frien
frieis
frie
frid
fric
frias
friar
frian
frial
friais
friad
fria
fri
frez
frey
freud
freu
fres
fren
frej
freis
frei
fred
frec
fre
fraz
fray
frax
fraus
fraum
frau
fras
frar
franz
frank
franc
fran
frams
fram
frais
frain
frai
frahu
frahi
frag
frad
fracs
frac
fra
foz
fox
fow
fou
fos
fort
for
fop
fon
fom
folk
fol
foi
fod
fo
flux
fluos
fluor
fluo
fluis
fluir
fluid
flui
fluen
flue
fluc
fluas
flua
flu
flos
flor
flon
flo
flis
flir
flint
flin
flien
flid
flic
fli
flex
flet
fles
flen
fleis
fleg
flec
fle
flay
flau
flash
flas
flar
flap
flan
flam
flais
flad
flac
fla
fizz
fiz
fius
fiu
fit
fis
firm
fir
fios
fior
fion
fio
fing
fin
fim
films
film
fil
fig
fies
fier
fien
field
fiel
fieis
fie
fic
fias
fiar
fian
fiam
fiais
fiad
fia
fi
fez
feu
fets
fet
fes
fers
fer
fen
fem
fel
feis
fei
fec
feb
fe
faz
fax
faus
faulk
fau
fat
fas
far
fap
fan
fam
fal
fait
fais
fai
fahi
fah
fad
fac
fab
fa
ez
ex
evs
eus
eup
eug
eu
et
est
es
ert
ers
erg
er
eps
ep
ent
ens
en
em
el
ek
eis
eins
eif
ei
ehr
eh
ef
ed
ech
ec
e
dyn
dy
duz
dux
duun
dus
dur
duos
duo
dun
dums
dum
dul
duj
duis
dui
dues
duer
duen
dueis
due
duc
dub
duas
duar
duan
dual
duais
duad
dua
du
dse
drus
drui
drue
dru
drou
dros
drop
dron
drol
droin
droi
drog
drof
dro
driz
dris
drir
drios
driol
drio
drin
dril
dries
drien
drieis
drie
drid
dric
drias
driar
drian
drial
driais
driad
dria
dri
drez
dres
dren
drel
dreis
drec
dre
draz
dray
drau
dras
drar
dran
dram
dral
drais
drad
drac
dra
doz
doy
dows
down
dou
dos
dorf
dor
dop
dong
dond
don
dom
dolph
dol
doins
doin
doic
doi
dohi
dog
dof
doc
do
dna
diz
dix
dius
diur
diums
dium
diu
dith
dism
disg
disc
dis
dir
dip
dios
diop
dion
diol
dioin
dioi
dioc
dio
ding
din
dim
dil
dij
dii
dihi
dig
dif
diez
dieu
dies
dier
dien
diem
diel
dieis
diec
die
did
dict
dic
diaz
diay
dias
diar
diap
dian
dial
diais
diag
diad
diac
dia
di
dez
dey
dex
deus
deum
deu
det
desh
des
ders
der
dep
dens
den
dems
dem
del
deis
dei
dehu
dehis
dehi
ded
dec
deb
de
daz
day
dau
das
dar
dap
dans
dan
dams
dam
dall
dal
dak
dais
dain
dai
dahu
dahl
daf
dad
dac
da
czar
cys
cy
cuz
cuy
cut
cus
cur
cuot
cuos
cuor
cuod
cuo
cuns
cunc
cun
cums
cum
cult
cul
cuix
cuitz
cuit
cuis
cuir
cuin
cuil
cuid
cui
cuez
cuex
cuet
cuesh
cues
cuer
cuen
cuel
cueis
cue
cud
cuaz
cuauh
cuau
cuat
cuas
cuark
cuar
cuan
cuam
cual
cuais
cuai
cuad
cuac
cua
cu
cte
cryp
cruz
crut
crus
crup
cruo
crui
cruen
cruel
crue
crua
cru
croy
crou
cross
cros
cror
crop
cron
crom
crol
croins
croin
croi
croh
crog
crof
cro
criz
cris
crip
crios
crio
crin
crim
crieis
crie
cric
crias
criar
crian
criais
criad
cria
cri
crez
crey
crex
cres
crep
cren
creis
crei
cre
crau
cras
crar
cran
cram
cral
crais
crad
crack
crac
cra
cpu
coz
coy
cox
cow
court
cour
cou
cots
cot
cos
corps
cords
cord
cor
cop
cons
con
comp
com
col
cok
coj
coix
coint
coin
coim
coi
cohu
coht
cohis
cohip
cohi
coh
cog
cof
coch
coc
cobs
cob
co
cni
cne
cluo
cluis
cluir
cluid
clui
clue
clubs
club
clu
clown
clos
clor
clon
cloi
cloc
clo
clis
clips
clip
clios
clion
clio
clint
clin
clien
clic
cli
cleu
cles
cler
clep
clen
clem
cleis
clei
clec
cle
claus
clau
clas
clark
clar
clan
clamp
clam
clais
clad
clac
cla
cix
ciun
ciu
cits
cit
cis
circ
cir
cios
cion
cio
cing
cinc
cin
cim
cil
cies
cier
cien
ciem
ciel
cieis
cie
cid
cic
cib
ciaz
cias
ciar
cian
cial
ciais
ciad
cia
ci
chy
chuz
chuy
chut
chus
chur
chups
chup
chun
chum
chull
chul
chuj
chuis
chui
chue
chub
chuas
chuar
chua
chu
chro
christ
chris
choz
choy
chov
chos
chorn
chor
chop
chon
chom
chol
choj
choi
chog
cho
chix
chiu
chitl
chist
chis
chir
chips
chip
chio
chin
chim
chill
chil
chiis
chii
chig
chien
chieis
chie
chid
chic
chib
chiaut
chiau
chias
chiar
chian
chiais
chiad
chia
chi
chez
cheu
chet
ches
cher
chen
chell
chel
cheis
chei
chef
che
chay
chauz
chaul
chau
chat
chas
charl
chard
char
chang
chan
cham
chal
chais
chai
chahu
chad
chac
cha
cez
ceum
ceu
cet
ces
cerp
cer
ceps
cep
cent
cens
cen
cem
cel
ceis
cei
cehu
cef
ced
cec
ceb
ce
caz
cay
cax
cauz
cauts
caut
caus
cault
cau
catl
cat
cas
cars
carl
car
caps
cap
cans
can
camp
cam
calt
call
cald
cal
cak
caj
cais
cairn
cai
cahu
cahi
caf
cad
cac
cab
ca
by
buz
buy
bux
butz
buts
but
bush
bus
burgh
bur
bun
bum
bull
bul
buk
buj
buis
buir
buid
bui
buhi
buf
buey
bues
buer
buen
buei
bue
buc
buan
bual
bua
bu
bryant
brut
brus
brup
brun
bruk
brud
bruch
bruar
bruan
bruad
brua
bru
broz
brown
brow
bros
bron
brom
broin
broi
bro
briz
briul
bris
brir
brios
brion
briol
brioc
brio
brin
bril
bright
bries
brien
briel
briec
brie
brid
bric
brias
briar
brian
brial
briad
bria
bri
brez
brex
breu
bres
brep
bren
brel
breis
brein
breim
brehu
brehi
breg
brech
bre
braz
bray
brax
braun
brau
bras
brar
brans
brand
bran
bram
bral
brais
brai
brahi
brah
brad
brac
bra
boy
box
bour
bou
bots
bot
bosch
bos
borgs
borg
bor
bop
bonn
bon
bom
boldt
bol
boj
boi
bohi
boh
bod
bock
boch
boc
bobs
bo
blufs
bluf
blues
blue
blu
blos
blor
blon
bloi
blofs
blof
bloc
blo
blis
blir
blios
blio
blin
blie
blias
blia
bli
blez
bles
blep
blen
bleis
ble
blas
blar
blan
blaj
blad
black
blac
bla
biz
bius
bium
biu
bitz
bits
bit
bis
bir
bios
bior
biop
bion
biom
bioins
bioin
bio
bins
bing
bin
bim
bill
bil
big
bif
biez
bies
bier
bien
biem
biel
bie
bid
bics
bic
biau
bias
biar
bian
biam
bial
biad
bia
bi
bez
bey
bex
beu
beth
bet
best
bes
bert
bers
bergs
bergh
berg
ber
benz
bens
ben
bem
bell
bel
beis
bei
behi
beh
bed
beck
bec
be
baz
bay
bax
baum
bau
bat
bas
bart
barr
barn
bard
bar
bap
bang
ban
bam
bal
baj
bais
bain
bai
bahi
bah
bags
bag
bad
back
bach
bac
bab
ba
az
ay
ax
aus
aur
aun
aug
auc
au
atm
atl
at
ast
as
art
ars
arn
arc
ar
ap
ans
angs
and
an
am
alz
alt
als
alp
al
ak
aj
aiz
ais
air
ain
aic
ai
ahu
ahis
ahir
ahin
ahi
ah
ag
af
ads
adn
ad
ac
abs
ab
a
