../main: error: `-r` and `-s` flags where set at the same time
